// Jest Snapshot v1, https://goo.gl/fbAQLP

exports[`yy exports modules correctly 1`] = `
Array [
  "Gantt",
]
`;
